MPLINK 5.09, LINKER
Linker Map File - Created Tue May 19 16:12:25 2020

                                 Section Info
                  Section       Type    Address   Location Size(Bytes)
                ---------  ---------  ---------  ---------  ---------
                   .org_0       code   0x000000    program   0x0000f2
                   .cinit    romdata   0x0000f2    program   0x000002
.config_300000_BUILD/DEFAULT/DEBUG/PROGRAMA_PRI    romdata   0x300000    program   0x000001
.config_300001_BUILD/DEFAULT/DEBUG/PROGRAMA_PRI    romdata   0x300001    program   0x000001
.config_300002_BUILD/DEFAULT/DEBUG/PROGRAMA_PRI    romdata   0x300002    program   0x000001
.config_300003_BUILD/DEFAULT/DEBUG/PROGRAMA_PRI    romdata   0x300003    program   0x000001
.config_300005_BUILD/DEFAULT/DEBUG/PROGRAMA_PRI    romdata   0x300005    program   0x000001
.config_300006_BUILD/DEFAULT/DEBUG/PROGRAMA_PRI    romdata   0x300006    program   0x000001
.config_300008_BUILD/DEFAULT/DEBUG/PROGRAMA_PRI    romdata   0x300008    program   0x000001
.config_300009_BUILD/DEFAULT/DEBUG/PROGRAMA_PRI    romdata   0x300009    program   0x000001
.config_30000A_BUILD/DEFAULT/DEBUG/PROGRAMA_PRI    romdata   0x30000a    program   0x000001
.config_30000B_BUILD/DEFAULT/DEBUG/PROGRAMA_PRI    romdata   0x30000b    program   0x000001
.config_30000C_BUILD/DEFAULT/DEBUG/PROGRAMA_PRI    romdata   0x30000c    program   0x000001
.config_30000D_BUILD/DEFAULT/DEBUG/PROGRAMA_PRI    romdata   0x30000d    program   0x000001



                              Program Memory Usage 
                               Start         End      
                           ---------   ---------      
                            0x000000    0x0000f3      
                            0x300000    0x300003      
                            0x300005    0x300006      
                            0x300008    0x30000d      
            256 out of 33048 program addresses used, program memory utilization is 0%



                              Symbols - Sorted by Name
                     Name    Address   Location    Storage File                     
                ---------  ---------  ---------  --------- ---------                
                    BUCLE   0x0000b4    program     static D:\Electronica\4550\Taller-Pic18f4550\Retardos.X\Retardos.inc
              BUCLE_milis   0x000084    program     static D:\Electronica\4550\Taller-Pic18f4550\Retardos.X\Retardos.inc
                    Bucle   0x0000e6    program     static D:\Electronica\4550\Taller-Pic18f4550\Retardos.X\Retardos.inc
                   INICIO   0x000004    program     static D:\Electronica\4550\Taller-Pic18f4550\Retardos.X\Programa_principal.asm
            Retardo_100us   0x0000c2    program     static D:\Electronica\4550\Taller-Pic18f4550\Retardos.X\Retardos.inc
             Retardo_10us   0x0000d6    program     static D:\Electronica\4550\Taller-Pic18f4550\Retardos.X\Retardos.inc
              Retardo_1ms   0x000094    program     static D:\Electronica\4550\Taller-Pic18f4550\Retardos.X\Retardos.inc
              Retardo_1us   0x0000ee    program     static D:\Electronica\4550\Taller-Pic18f4550\Retardos.X\Retardos.inc
            Retardo_200us   0x0000a0    program     static D:\Electronica\4550\Taller-Pic18f4550\Retardos.X\Retardos.inc
             Retardo_20ms   0x000072    program     static D:\Electronica\4550\Taller-Pic18f4550\Retardos.X\Retardos.inc
             Retardo_20us   0x0000d0    program     static D:\Electronica\4550\Taller-Pic18f4550\Retardos.X\Retardos.inc
            Retardo_300us   0x0000a6    program     static D:\Electronica\4550\Taller-Pic18f4550\Retardos.X\Retardos.inc
            Retardo_400ms   0x000020    program     static D:\Electronica\4550\Taller-Pic18f4550\Retardos.X\Retardos.inc
            Retardo_500us   0x0000ac    program     static D:\Electronica\4550\Taller-Pic18f4550\Retardos.X\Retardos.inc
             Retardo_50us   0x0000ca    program     static D:\Electronica\4550\Taller-Pic18f4550\Retardos.X\Retardos.inc
              Retardo_5ms   0x000078    program     static D:\Electronica\4550\Taller-Pic18f4550\Retardos.X\Retardos.inc
              Retardo_5us   0x0000de    program     static D:\Electronica\4550\Taller-Pic18f4550\Retardos.X\Retardos.inc
           Retardo_Micros   0x0000b0    program     static D:\Electronica\4550\Taller-Pic18f4550\Retardos.X\Retardos.inc
            Retardo_Milis   0x000080    program     static D:\Electronica\4550\Taller-Pic18f4550\Retardos.X\Retardos.inc
           Retardo_micros   0x0000e4    program     static D:\Electronica\4550\Taller-Pic18f4550\Retardos.X\Retardos.inc
                 Retardos   0x0000ae    program     static D:\Electronica\4550\Taller-Pic18f4550\Retardos.X\Retardos.inc
              Retardos_ms   0x00007e    program     static D:\Electronica\4550\Taller-Pic18f4550\Retardos.X\Retardos.inc
                    START   0x000014    program     static D:\Electronica\4550\Taller-Pic18f4550\Retardos.X\Programa_principal.asm



                              Symbols - Sorted by Address
                     Name    Address   Location    Storage File                     
                ---------  ---------  ---------  --------- ---------                
                   INICIO   0x000004    program     static D:\Electronica\4550\Taller-Pic18f4550\Retardos.X\Programa_principal.asm
                    START   0x000014    program     static D:\Electronica\4550\Taller-Pic18f4550\Retardos.X\Programa_principal.asm
            Retardo_400ms   0x000020    program     static D:\Electronica\4550\Taller-Pic18f4550\Retardos.X\Retardos.inc
             Retardo_20ms   0x000072    program     static D:\Electronica\4550\Taller-Pic18f4550\Retardos.X\Retardos.inc
              Retardo_5ms   0x000078    program     static D:\Electronica\4550\Taller-Pic18f4550\Retardos.X\Retardos.inc
              Retardos_ms   0x00007e    program     static D:\Electronica\4550\Taller-Pic18f4550\Retardos.X\Retardos.inc
            Retardo_Milis   0x000080    program     static D:\Electronica\4550\Taller-Pic18f4550\Retardos.X\Retardos.inc
              BUCLE_milis   0x000084    program     static D:\Electronica\4550\Taller-Pic18f4550\Retardos.X\Retardos.inc
              Retardo_1ms   0x000094    program     static D:\Electronica\4550\Taller-Pic18f4550\Retardos.X\Retardos.inc
            Retardo_200us   0x0000a0    program     static D:\Electronica\4550\Taller-Pic18f4550\Retardos.X\Retardos.inc
            Retardo_300us   0x0000a6    program     static D:\Electronica\4550\Taller-Pic18f4550\Retardos.X\Retardos.inc
            Retardo_500us   0x0000ac    program     static D:\Electronica\4550\Taller-Pic18f4550\Retardos.X\Retardos.inc
                 Retardos   0x0000ae    program     static D:\Electronica\4550\Taller-Pic18f4550\Retardos.X\Retardos.inc
           Retardo_Micros   0x0000b0    program     static D:\Electronica\4550\Taller-Pic18f4550\Retardos.X\Retardos.inc
                    BUCLE   0x0000b4    program     static D:\Electronica\4550\Taller-Pic18f4550\Retardos.X\Retardos.inc
            Retardo_100us   0x0000c2    program     static D:\Electronica\4550\Taller-Pic18f4550\Retardos.X\Retardos.inc
             Retardo_50us   0x0000ca    program     static D:\Electronica\4550\Taller-Pic18f4550\Retardos.X\Retardos.inc
             Retardo_20us   0x0000d0    program     static D:\Electronica\4550\Taller-Pic18f4550\Retardos.X\Retardos.inc
             Retardo_10us   0x0000d6    program     static D:\Electronica\4550\Taller-Pic18f4550\Retardos.X\Retardos.inc
              Retardo_5us   0x0000de    program     static D:\Electronica\4550\Taller-Pic18f4550\Retardos.X\Retardos.inc
           Retardo_micros   0x0000e4    program     static D:\Electronica\4550\Taller-Pic18f4550\Retardos.X\Retardos.inc
                    Bucle   0x0000e6    program     static D:\Electronica\4550\Taller-Pic18f4550\Retardos.X\Retardos.inc
              Retardo_1us   0x0000ee    program     static D:\Electronica\4550\Taller-Pic18f4550\Retardos.X\Retardos.inc


