MPLINK 5.09, LINKER
Linker Map File - Created Tue May 26 16:11:29 2020

                                 Section Info
                  Section       Type    Address   Location Size(Bytes)
                ---------  ---------  ---------  ---------  ---------
                   .org_0       code   0x000000    program   0x000004
                   .cinit    romdata   0x000004    program   0x000002
                   .org_1       code   0x000008    program   0x000002
                   .org_2       code   0x000018    program   0x000004
                   .org_3       code   0x000020    program   0x000044
.config_300000_BUILD/DEFAULT/PRODUCTION/PROGRAM    romdata   0x300000    program   0x000001
.config_300001_BUILD/DEFAULT/PRODUCTION/PROGRAM    romdata   0x300001    program   0x000001
.config_300002_BUILD/DEFAULT/PRODUCTION/PROGRAM    romdata   0x300002    program   0x000001
.config_300003_BUILD/DEFAULT/PRODUCTION/PROGRAM    romdata   0x300003    program   0x000001
.config_300005_BUILD/DEFAULT/PRODUCTION/PROGRAM    romdata   0x300005    program   0x000001
.config_300006_BUILD/DEFAULT/PRODUCTION/PROGRAM    romdata   0x300006    program   0x000001
.config_300008_BUILD/DEFAULT/PRODUCTION/PROGRAM    romdata   0x300008    program   0x000001
.config_300009_BUILD/DEFAULT/PRODUCTION/PROGRAM    romdata   0x300009    program   0x000001
.config_30000A_BUILD/DEFAULT/PRODUCTION/PROGRAM    romdata   0x30000a    program   0x000001
.config_30000B_BUILD/DEFAULT/PRODUCTION/PROGRAM    romdata   0x30000b    program   0x000001
.config_30000C_BUILD/DEFAULT/PRODUCTION/PROGRAM    romdata   0x30000c    program   0x000001
.config_30000D_BUILD/DEFAULT/PRODUCTION/PROGRAM    romdata   0x30000d    program   0x000001



                              Program Memory Usage 
                               Start         End      
                           ---------   ---------      
                            0x000000    0x000005      
                            0x000008    0x000009      
                            0x000018    0x00001b      
                            0x000020    0x000063      
                            0x300000    0x300003      
                            0x300005    0x300006      
                            0x300008    0x30000d      
            92 out of 33048 program addresses used, program memory utilization is 0%



                              Symbols - Sorted by Name
                     Name    Address   Location    Storage File                     
                ---------  ---------  ---------  --------- ---------                
                 ENCENDER   0x00005e    program     static D:\Electronica\4550\Taller-Pic18f4550\Timer0_Temporizador8bits.X\Programa_principal.asm
                  FIN_INT   0x000060    program     static D:\Electronica\4550\Taller-Pic18f4550\Timer0_Temporizador8bits.X\Programa_principal.asm
                   INICIO   0x000020    program     static D:\Electronica\4550\Taller-Pic18f4550\Timer0_Temporizador8bits.X\Programa_principal.asm
                 INT_TMR0   0x00004a    program     static D:\Electronica\4550\Taller-Pic18f4550\Timer0_Temporizador8bits.X\Programa_principal.asm
                    START   0x000046    program     static D:\Electronica\4550\Taller-Pic18f4550\Timer0_Temporizador8bits.X\Programa_principal.asm



                              Symbols - Sorted by Address
                     Name    Address   Location    Storage File                     
                ---------  ---------  ---------  --------- ---------                
                   INICIO   0x000020    program     static D:\Electronica\4550\Taller-Pic18f4550\Timer0_Temporizador8bits.X\Programa_principal.asm
                    START   0x000046    program     static D:\Electronica\4550\Taller-Pic18f4550\Timer0_Temporizador8bits.X\Programa_principal.asm
                 INT_TMR0   0x00004a    program     static D:\Electronica\4550\Taller-Pic18f4550\Timer0_Temporizador8bits.X\Programa_principal.asm
                 ENCENDER   0x00005e    program     static D:\Electronica\4550\Taller-Pic18f4550\Timer0_Temporizador8bits.X\Programa_principal.asm
                  FIN_INT   0x000060    program     static D:\Electronica\4550\Taller-Pic18f4550\Timer0_Temporizador8bits.X\Programa_principal.asm


