MPLINK 5.09, LINKER
Linker Map File - Created Mon May 18 16:20:35 2020

                                 Section Info
                  Section       Type    Address   Location Size(Bytes)
                ---------  ---------  ---------  ---------  ---------
                   .org_0       code   0x000000    program   0x000028
                   .cinit    romdata   0x000028    program   0x000002
.config_300000_BUILD/DEFAULT/PRODUCTION/PROGRAM    romdata   0x300000    program   0x000001
.config_300001_BUILD/DEFAULT/PRODUCTION/PROGRAM    romdata   0x300001    program   0x000001
.config_300002_BUILD/DEFAULT/PRODUCTION/PROGRAM    romdata   0x300002    program   0x000001
.config_300003_BUILD/DEFAULT/PRODUCTION/PROGRAM    romdata   0x300003    program   0x000001
.config_300005_BUILD/DEFAULT/PRODUCTION/PROGRAM    romdata   0x300005    program   0x000001
.config_300006_BUILD/DEFAULT/PRODUCTION/PROGRAM    romdata   0x300006    program   0x000001
.config_300008_BUILD/DEFAULT/PRODUCTION/PROGRAM    romdata   0x300008    program   0x000001
.config_300009_BUILD/DEFAULT/PRODUCTION/PROGRAM    romdata   0x300009    program   0x000001
.config_30000A_BUILD/DEFAULT/PRODUCTION/PROGRAM    romdata   0x30000a    program   0x000001
.config_30000B_BUILD/DEFAULT/PRODUCTION/PROGRAM    romdata   0x30000b    program   0x000001
.config_30000C_BUILD/DEFAULT/PRODUCTION/PROGRAM    romdata   0x30000c    program   0x000001
.config_30000D_BUILD/DEFAULT/PRODUCTION/PROGRAM    romdata   0x30000d    program   0x000001



                              Program Memory Usage 
                               Start         End      
                           ---------   ---------      
                            0x000000    0x000029      
                            0x300000    0x300003      
                            0x300005    0x300006      
                            0x300008    0x30000d      
            54 out of 33048 program addresses used, program memory utilization is 0%



                              Symbols - Sorted by Name
                     Name    Address   Location    Storage File                     
                ---------  ---------  ---------  --------- ---------                
                   INICIO   0x000004    program     static D:\Electronica\4550\Taller-Pic18f4550\Hola_Mundo.X\Programa_principal.asm
                    START   0x00001a    program     static D:\Electronica\4550\Taller-Pic18f4550\Hola_Mundo.X\Programa_principal.asm



                              Symbols - Sorted by Address
                     Name    Address   Location    Storage File                     
                ---------  ---------  ---------  --------- ---------                
                   INICIO   0x000004    program     static D:\Electronica\4550\Taller-Pic18f4550\Hola_Mundo.X\Programa_principal.asm
                    START   0x00001a    program     static D:\Electronica\4550\Taller-Pic18f4550\Hola_Mundo.X\Programa_principal.asm


