MPLINK 5.09, LINKER
Linker Map File - Created Wed May 27 17:00:12 2020

                                 Section Info
                  Section       Type    Address   Location Size(Bytes)
                ---------  ---------  ---------  ---------  ---------
                   .org_0       code   0x000000    program   0x000004
                   .cinit    romdata   0x000004    program   0x000002
                   .org_1       code   0x000020    program   0x0000fe
.config_300000_BUILD/DEFAULT/PRODUCTION/PROGRAM    romdata   0x300000    program   0x000001
.config_300001_BUILD/DEFAULT/PRODUCTION/PROGRAM    romdata   0x300001    program   0x000001
.config_300002_BUILD/DEFAULT/PRODUCTION/PROGRAM    romdata   0x300002    program   0x000001
.config_300003_BUILD/DEFAULT/PRODUCTION/PROGRAM    romdata   0x300003    program   0x000001
.config_300005_BUILD/DEFAULT/PRODUCTION/PROGRAM    romdata   0x300005    program   0x000001
.config_300006_BUILD/DEFAULT/PRODUCTION/PROGRAM    romdata   0x300006    program   0x000001
.config_300008_BUILD/DEFAULT/PRODUCTION/PROGRAM    romdata   0x300008    program   0x000001
.config_300009_BUILD/DEFAULT/PRODUCTION/PROGRAM    romdata   0x300009    program   0x000001
.config_30000A_BUILD/DEFAULT/PRODUCTION/PROGRAM    romdata   0x30000a    program   0x000001
.config_30000B_BUILD/DEFAULT/PRODUCTION/PROGRAM    romdata   0x30000b    program   0x000001
.config_30000C_BUILD/DEFAULT/PRODUCTION/PROGRAM    romdata   0x30000c    program   0x000001
.config_30000D_BUILD/DEFAULT/PRODUCTION/PROGRAM    romdata   0x30000d    program   0x000001



                              Program Memory Usage 
                               Start         End      
                           ---------   ---------      
                            0x000000    0x000005      
                            0x000020    0x00011d      
                            0x300000    0x300003      
                            0x300005    0x300006      
                            0x300008    0x30000d      
            272 out of 33048 program addresses used, program memory utilization is 0%



                              Symbols - Sorted by Name
                     Name    Address   Location    Storage File                     
                ---------  ---------  ---------  --------- ---------                
            BUCLE_INTERNO   0x000112    program     static D:\Electronica\4550\Taller-Pic18f4550\LCD.X\LCD_4bits.inc
               DISPLAY_ON   0x0000ae    program     static D:\Electronica\4550\Taller-Pic18f4550\LCD.X\LCD_4bits.inc
                   ENABLE   0x0000fa    program     static D:\Electronica\4550\Taller-Pic18f4550\LCD.X\LCD_4bits.inc
               INCREMENTO   0x0000be    program     static D:\Electronica\4550\Taller-Pic18f4550\LCD.X\LCD_4bits.inc
                   INICIO   0x000020    program     static D:\Electronica\4550\Taller-Pic18f4550\LCD.X\Programa_principal.asm
             LCD_CARACTER   0x0000c6    program     static D:\Electronica\4550\Taller-Pic18f4550\LCD.X\LCD_4bits.inc
              LCD_COMANDO   0x00009c    program     static D:\Electronica\4550\Taller-Pic18f4550\LCD.X\LCD_4bits.inc
               LCD_CONFIG   0x000086    program     static D:\Electronica\4550\Taller-Pic18f4550\LCD.X\LCD_4bits.inc
                LCD_DATOS   0x0000da    program     static D:\Electronica\4550\Taller-Pic18f4550\LCD.X\LCD_4bits.inc
                 LCD_Init   0x00003a    program     static D:\Electronica\4550\Taller-Pic18f4550\LCD.X\LCD_4bits.inc
               LCD_LINEA1   0x0000ee    program     static D:\Electronica\4550\Taller-Pic18f4550\LCD.X\LCD_4bits.inc
               LCD_LINEA2   0x0000f4    program     static D:\Electronica\4550\Taller-Pic18f4550\LCD.X\LCD_4bits.inc
              LIMPIAR_LCD   0x0000b6    program     static D:\Electronica\4550\Taller-Pic18f4550\LCD.X\LCD_4bits.inc
              Retardo_1ms   0x00010c    program     static D:\Electronica\4550\Taller-Pic18f4550\LCD.X\LCD_4bits.inc
                    START   0x000036    program     static D:\Electronica\4550\Taller-Pic18f4550\LCD.X\Programa_principal.asm



                              Symbols - Sorted by Address
                     Name    Address   Location    Storage File                     
                ---------  ---------  ---------  --------- ---------                
                   INICIO   0x000020    program     static D:\Electronica\4550\Taller-Pic18f4550\LCD.X\Programa_principal.asm
                    START   0x000036    program     static D:\Electronica\4550\Taller-Pic18f4550\LCD.X\Programa_principal.asm
                 LCD_Init   0x00003a    program     static D:\Electronica\4550\Taller-Pic18f4550\LCD.X\LCD_4bits.inc
               LCD_CONFIG   0x000086    program     static D:\Electronica\4550\Taller-Pic18f4550\LCD.X\LCD_4bits.inc
              LCD_COMANDO   0x00009c    program     static D:\Electronica\4550\Taller-Pic18f4550\LCD.X\LCD_4bits.inc
               DISPLAY_ON   0x0000ae    program     static D:\Electronica\4550\Taller-Pic18f4550\LCD.X\LCD_4bits.inc
              LIMPIAR_LCD   0x0000b6    program     static D:\Electronica\4550\Taller-Pic18f4550\LCD.X\LCD_4bits.inc
               INCREMENTO   0x0000be    program     static D:\Electronica\4550\Taller-Pic18f4550\LCD.X\LCD_4bits.inc
             LCD_CARACTER   0x0000c6    program     static D:\Electronica\4550\Taller-Pic18f4550\LCD.X\LCD_4bits.inc
                LCD_DATOS   0x0000da    program     static D:\Electronica\4550\Taller-Pic18f4550\LCD.X\LCD_4bits.inc
               LCD_LINEA1   0x0000ee    program     static D:\Electronica\4550\Taller-Pic18f4550\LCD.X\LCD_4bits.inc
               LCD_LINEA2   0x0000f4    program     static D:\Electronica\4550\Taller-Pic18f4550\LCD.X\LCD_4bits.inc
                   ENABLE   0x0000fa    program     static D:\Electronica\4550\Taller-Pic18f4550\LCD.X\LCD_4bits.inc
              Retardo_1ms   0x00010c    program     static D:\Electronica\4550\Taller-Pic18f4550\LCD.X\LCD_4bits.inc
            BUCLE_INTERNO   0x000112    program     static D:\Electronica\4550\Taller-Pic18f4550\LCD.X\LCD_4bits.inc


