MPLINK 5.09, LINKER
Linker Map File - Created Fri May 29 16:42:05 2020

                                 Section Info
                  Section       Type    Address   Location Size(Bytes)
                ---------  ---------  ---------  ---------  ---------
                   .org_0       code   0x000000    program   0x000004
                   .cinit    romdata   0x000004    program   0x000002
                   .org_2       code   0x000200    program   0x000136
.config_300000_BUILD/DEFAULT/PRODUCTION/PROGRAM    romdata   0x300000    program   0x000001
.config_300001_BUILD/DEFAULT/PRODUCTION/PROGRAM    romdata   0x300001    program   0x000001
.config_300002_BUILD/DEFAULT/PRODUCTION/PROGRAM    romdata   0x300002    program   0x000001
.config_300003_BUILD/DEFAULT/PRODUCTION/PROGRAM    romdata   0x300003    program   0x000001
.config_300005_BUILD/DEFAULT/PRODUCTION/PROGRAM    romdata   0x300005    program   0x000001
.config_300006_BUILD/DEFAULT/PRODUCTION/PROGRAM    romdata   0x300006    program   0x000001
.config_300008_BUILD/DEFAULT/PRODUCTION/PROGRAM    romdata   0x300008    program   0x000001
.config_300009_BUILD/DEFAULT/PRODUCTION/PROGRAM    romdata   0x300009    program   0x000001
.config_30000A_BUILD/DEFAULT/PRODUCTION/PROGRAM    romdata   0x30000a    program   0x000001
.config_30000B_BUILD/DEFAULT/PRODUCTION/PROGRAM    romdata   0x30000b    program   0x000001
.config_30000C_BUILD/DEFAULT/PRODUCTION/PROGRAM    romdata   0x30000c    program   0x000001
.config_30000D_BUILD/DEFAULT/PRODUCTION/PROGRAM    romdata   0x30000d    program   0x000001



                              Program Memory Usage 
                               Start         End      
                           ---------   ---------      
                            0x000000    0x000005      
                            0x000200    0x000335      
                            0x300000    0x300003      
                            0x300005    0x300006      
                            0x300008    0x30000d      
            328 out of 33048 program addresses used, program memory utilization is 0%



                              Symbols - Sorted by Name
                     Name    Address   Location    Storage File                     
                ---------  ---------  ---------  --------- ---------                
            BUCLE_INTERNO   0x00032c    program     static D:\Electronica\4550\Taller-Pic18f4550\LCD_4bits.X\LCD_4bits.inc
                  DISPLAY   0x000200    program     static D:\Electronica\4550\Taller-Pic18f4550\LCD_4bits.X\Programa_principal.asm
                   ENABLE   0x000316    program     static D:\Electronica\4550\Taller-Pic18f4550\LCD_4bits.X\LCD_4bits.inc
                   INICIO   0x000216    program     static D:\Electronica\4550\Taller-Pic18f4550\LCD_4bits.X\Programa_principal.asm
              LCD_2LINEAS   0x0002ae    program     static D:\Electronica\4550\Taller-Pic18f4550\LCD_4bits.X\LCD_4bits.inc
               LCD_BORRAR   0x0002a2    program     static D:\Electronica\4550\Taller-Pic18f4550\LCD_4bits.X\LCD_4bits.inc
             LCD_CARACTER   0x0002d8    program     static D:\Electronica\4550\Taller-Pic18f4550\LCD_4bits.X\LCD_4bits.inc
              LCD_COMANDO   0x0002c4    program     static D:\Electronica\4550\Taller-Pic18f4550\LCD_4bits.X\LCD_4bits.inc
               LCD_CONFIG   0x0002b4    program     static D:\Electronica\4550\Taller-Pic18f4550\LCD_4bits.X\LCD_4bits.inc
                 LCD_DATA   0x0002f4    program     static D:\Electronica\4550\Taller-Pic18f4550\LCD_4bits.X\LCD_4bits.inc
                 LCD_DATO   0x0002e4    program     static D:\Electronica\4550\Taller-Pic18f4550\LCD_4bits.X\LCD_4bits.inc
           LCD_DISPLAY_ON   0x0002a8    program     static D:\Electronica\4550\Taller-Pic18f4550\LCD_4bits.X\LCD_4bits.inc
                 LCD_INCR   0x00029c    program     static D:\Electronica\4550\Taller-Pic18f4550\LCD_4bits.X\LCD_4bits.inc
                 LCD_INIT   0x000254    program     static D:\Electronica\4550\Taller-Pic18f4550\LCD_4bits.X\LCD_4bits.inc
               LCD_LINEA1   0x000306    program     static D:\Electronica\4550\Taller-Pic18f4550\LCD_4bits.X\LCD_4bits.inc
               LCD_LINEA2   0x00030e    program     static D:\Electronica\4550\Taller-Pic18f4550\LCD_4bits.X\LCD_4bits.inc
                  MENSAJE   0x000234    program     static D:\Electronica\4550\Taller-Pic18f4550\LCD_4bits.X\Programa_principal.asm
                  MUESTRO   0x000246    program     static D:\Electronica\4550\Taller-Pic18f4550\LCD_4bits.X\Programa_principal.asm
              Retardo_1ms   0x000328    program     static D:\Electronica\4550\Taller-Pic18f4550\LCD_4bits.X\LCD_4bits.inc
                    START   0x000230    program     static D:\Electronica\4550\Taller-Pic18f4550\LCD_4bits.X\Programa_principal.asm



                              Symbols - Sorted by Address
                     Name    Address   Location    Storage File                     
                ---------  ---------  ---------  --------- ---------                
                  DISPLAY   0x000200    program     static D:\Electronica\4550\Taller-Pic18f4550\LCD_4bits.X\Programa_principal.asm
                   INICIO   0x000216    program     static D:\Electronica\4550\Taller-Pic18f4550\LCD_4bits.X\Programa_principal.asm
                    START   0x000230    program     static D:\Electronica\4550\Taller-Pic18f4550\LCD_4bits.X\Programa_principal.asm
                  MENSAJE   0x000234    program     static D:\Electronica\4550\Taller-Pic18f4550\LCD_4bits.X\Programa_principal.asm
                  MUESTRO   0x000246    program     static D:\Electronica\4550\Taller-Pic18f4550\LCD_4bits.X\Programa_principal.asm
                 LCD_INIT   0x000254    program     static D:\Electronica\4550\Taller-Pic18f4550\LCD_4bits.X\LCD_4bits.inc
                 LCD_INCR   0x00029c    program     static D:\Electronica\4550\Taller-Pic18f4550\LCD_4bits.X\LCD_4bits.inc
               LCD_BORRAR   0x0002a2    program     static D:\Electronica\4550\Taller-Pic18f4550\LCD_4bits.X\LCD_4bits.inc
           LCD_DISPLAY_ON   0x0002a8    program     static D:\Electronica\4550\Taller-Pic18f4550\LCD_4bits.X\LCD_4bits.inc
              LCD_2LINEAS   0x0002ae    program     static D:\Electronica\4550\Taller-Pic18f4550\LCD_4bits.X\LCD_4bits.inc
               LCD_CONFIG   0x0002b4    program     static D:\Electronica\4550\Taller-Pic18f4550\LCD_4bits.X\LCD_4bits.inc
              LCD_COMANDO   0x0002c4    program     static D:\Electronica\4550\Taller-Pic18f4550\LCD_4bits.X\LCD_4bits.inc
             LCD_CARACTER   0x0002d8    program     static D:\Electronica\4550\Taller-Pic18f4550\LCD_4bits.X\LCD_4bits.inc
                 LCD_DATO   0x0002e4    program     static D:\Electronica\4550\Taller-Pic18f4550\LCD_4bits.X\LCD_4bits.inc
                 LCD_DATA   0x0002f4    program     static D:\Electronica\4550\Taller-Pic18f4550\LCD_4bits.X\LCD_4bits.inc
               LCD_LINEA1   0x000306    program     static D:\Electronica\4550\Taller-Pic18f4550\LCD_4bits.X\LCD_4bits.inc
               LCD_LINEA2   0x00030e    program     static D:\Electronica\4550\Taller-Pic18f4550\LCD_4bits.X\LCD_4bits.inc
                   ENABLE   0x000316    program     static D:\Electronica\4550\Taller-Pic18f4550\LCD_4bits.X\LCD_4bits.inc
              Retardo_1ms   0x000328    program     static D:\Electronica\4550\Taller-Pic18f4550\LCD_4bits.X\LCD_4bits.inc
            BUCLE_INTERNO   0x00032c    program     static D:\Electronica\4550\Taller-Pic18f4550\LCD_4bits.X\LCD_4bits.inc


