MPLINK 5.09, LINKER
Linker Map File - Created Fri May 29 15:56:36 2020

                                 Section Info
                  Section       Type    Address   Location Size(Bytes)
                ---------  ---------  ---------  ---------  ---------
                   .org_0       code   0x000000    program   0x000004
                   .cinit    romdata   0x000004    program   0x000002
                   .org_1       code   0x000020    program   0x0000d2
.config_300000_BUILD/DEFAULT/DEBUG/PROGRAMA_PRI    romdata   0x300000    program   0x000001
.config_300001_BUILD/DEFAULT/DEBUG/PROGRAMA_PRI    romdata   0x300001    program   0x000001
.config_300002_BUILD/DEFAULT/DEBUG/PROGRAMA_PRI    romdata   0x300002    program   0x000001
.config_300003_BUILD/DEFAULT/DEBUG/PROGRAMA_PRI    romdata   0x300003    program   0x000001
.config_300005_BUILD/DEFAULT/DEBUG/PROGRAMA_PRI    romdata   0x300005    program   0x000001
.config_300006_BUILD/DEFAULT/DEBUG/PROGRAMA_PRI    romdata   0x300006    program   0x000001
.config_300008_BUILD/DEFAULT/DEBUG/PROGRAMA_PRI    romdata   0x300008    program   0x000001
.config_300009_BUILD/DEFAULT/DEBUG/PROGRAMA_PRI    romdata   0x300009    program   0x000001
.config_30000A_BUILD/DEFAULT/DEBUG/PROGRAMA_PRI    romdata   0x30000a    program   0x000001
.config_30000B_BUILD/DEFAULT/DEBUG/PROGRAMA_PRI    romdata   0x30000b    program   0x000001
.config_30000C_BUILD/DEFAULT/DEBUG/PROGRAMA_PRI    romdata   0x30000c    program   0x000001
.config_30000D_BUILD/DEFAULT/DEBUG/PROGRAMA_PRI    romdata   0x30000d    program   0x000001



                              Program Memory Usage 
                               Start         End      
                           ---------   ---------      
                            0x000000    0x000005      
                            0x000020    0x0000f1      
                            0x300000    0x300003      
                            0x300005    0x300006      
                            0x300008    0x30000d      
            228 out of 33048 program addresses used, program memory utilization is 0%



                              Symbols - Sorted by Name
                     Name    Address   Location    Storage File                     
                ---------  ---------  ---------  --------- ---------                
            BUCLE_INTERNO   0x0000e8    program     static D:\Electronica\4550\Taller-Pic18f4550\LCD_4bits.X\LCD_4bits.inc
                   ENABLE   0x0000d2    program     static D:\Electronica\4550\Taller-Pic18f4550\LCD_4bits.X\LCD_4bits.inc
                   INICIO   0x000020    program     static D:\Electronica\4550\Taller-Pic18f4550\LCD_4bits.X\Programa_principal.asm
              LCD_2LINEAS   0x00008e    program     static D:\Electronica\4550\Taller-Pic18f4550\LCD_4bits.X\LCD_4bits.inc
               LCD_BORRAR   0x000082    program     static D:\Electronica\4550\Taller-Pic18f4550\LCD_4bits.X\LCD_4bits.inc
             LCD_CARACTER   0x0000b6    program     static D:\Electronica\4550\Taller-Pic18f4550\LCD_4bits.X\LCD_4bits.inc
              LCD_COMANDO   0x0000a4    program     static D:\Electronica\4550\Taller-Pic18f4550\LCD_4bits.X\LCD_4bits.inc
               LCD_CONFIG   0x000094    program     static D:\Electronica\4550\Taller-Pic18f4550\LCD_4bits.X\LCD_4bits.inc
           LCD_DISPLAY_ON   0x000088    program     static D:\Electronica\4550\Taller-Pic18f4550\LCD_4bits.X\LCD_4bits.inc
                 LCD_INCR   0x00007c    program     static D:\Electronica\4550\Taller-Pic18f4550\LCD_4bits.X\LCD_4bits.inc
                 LCD_INIT   0x000034    program     static D:\Electronica\4550\Taller-Pic18f4550\LCD_4bits.X\LCD_4bits.inc
               LCD_LINEA1   0x0000c2    program     static D:\Electronica\4550\Taller-Pic18f4550\LCD_4bits.X\LCD_4bits.inc
               LCD_LINEA2   0x0000ca    program     static D:\Electronica\4550\Taller-Pic18f4550\LCD_4bits.X\LCD_4bits.inc
              Retardo_1ms   0x0000e4    program     static D:\Electronica\4550\Taller-Pic18f4550\LCD_4bits.X\LCD_4bits.inc
                    START   0x000030    program     static D:\Electronica\4550\Taller-Pic18f4550\LCD_4bits.X\Programa_principal.asm



                              Symbols - Sorted by Address
                     Name    Address   Location    Storage File                     
                ---------  ---------  ---------  --------- ---------                
                   INICIO   0x000020    program     static D:\Electronica\4550\Taller-Pic18f4550\LCD_4bits.X\Programa_principal.asm
                    START   0x000030    program     static D:\Electronica\4550\Taller-Pic18f4550\LCD_4bits.X\Programa_principal.asm
                 LCD_INIT   0x000034    program     static D:\Electronica\4550\Taller-Pic18f4550\LCD_4bits.X\LCD_4bits.inc
                 LCD_INCR   0x00007c    program     static D:\Electronica\4550\Taller-Pic18f4550\LCD_4bits.X\LCD_4bits.inc
               LCD_BORRAR   0x000082    program     static D:\Electronica\4550\Taller-Pic18f4550\LCD_4bits.X\LCD_4bits.inc
           LCD_DISPLAY_ON   0x000088    program     static D:\Electronica\4550\Taller-Pic18f4550\LCD_4bits.X\LCD_4bits.inc
              LCD_2LINEAS   0x00008e    program     static D:\Electronica\4550\Taller-Pic18f4550\LCD_4bits.X\LCD_4bits.inc
               LCD_CONFIG   0x000094    program     static D:\Electronica\4550\Taller-Pic18f4550\LCD_4bits.X\LCD_4bits.inc
              LCD_COMANDO   0x0000a4    program     static D:\Electronica\4550\Taller-Pic18f4550\LCD_4bits.X\LCD_4bits.inc
             LCD_CARACTER   0x0000b6    program     static D:\Electronica\4550\Taller-Pic18f4550\LCD_4bits.X\LCD_4bits.inc
               LCD_LINEA1   0x0000c2    program     static D:\Electronica\4550\Taller-Pic18f4550\LCD_4bits.X\LCD_4bits.inc
               LCD_LINEA2   0x0000ca    program     static D:\Electronica\4550\Taller-Pic18f4550\LCD_4bits.X\LCD_4bits.inc
                   ENABLE   0x0000d2    program     static D:\Electronica\4550\Taller-Pic18f4550\LCD_4bits.X\LCD_4bits.inc
              Retardo_1ms   0x0000e4    program     static D:\Electronica\4550\Taller-Pic18f4550\LCD_4bits.X\LCD_4bits.inc
            BUCLE_INTERNO   0x0000e8    program     static D:\Electronica\4550\Taller-Pic18f4550\LCD_4bits.X\LCD_4bits.inc


